Script started on Wed Jan  8 14:12:10 2014
dhdkim@ubuntu1204-002:~/cs350-os161/os161-1.99/kern$ cd ~/cs350-os116  61/root
dhdkim@ubuntu1204-002:~/cs350-os161/root$ cs350-d gdb kernel
GNU gdb 6.6
Copyright (C) 2006 Free Software Foundation, Inc.
GDB is free software, covered by the GNU General Public License, and you are
welcome to change it and/or distribute copies of it under certain conditions.
Type "show copying" to see the conditions.
There is absolutely no warranty for GDB.  Type "show warranty" for details.
This GDB was configured as "--host=x86_64-unknown-linux-gnu --target=mips-harvard-os161"...
(gdb)  dir    dir ../os161-1.99/kern/compile/ASST0
Source directories searched: /u7/dhdkim/cs350-os161/root/../os161-1.99/kern/compile/ASST0:$cdir:$cwd
(gdb) target remote unix:/ .sockets/gdb
unix:.sockets/gdb: Connection refused.
(gdb) target remote unix:.sockets/gdb
unix:.sockets/gdb: Connection refused.
(gdb) exit
Undefined command: "exit".  Try "help".
(gdb) exit
Undefined command: "exit".  Try "help".
(gdb) q
dhdkim@ubuntu1204-002:~/cs350-os161/root$ q
bash: q: command not found
dhdkim@ubuntu1204-002:~/cs350-os161/root$ quit
bash: quit: command not found
dhdkim@ubuntu1204-002:~/cs350-os161/root$ exit
exit

Script done on Wed Jan  8 14:13:07 2014
